---
source: compiler-core/src/language_server/tests/multiple_code_actions.rs
expression: "\n    import list\n\n    fn main() {\n      let x = 1\n      let y = [x, 2, 3]\n      let u = 2\n      let v = [1, u, 3]\n      let result = list.reverse([1, 2, 3, 4, 5])  \n    }\n            "
---

    import list

    fn main() {
      
      let y = [1, 2, 3]
      
      let v = [1, 2, 3]
      let result = [1, 2, 3, 4, 5] 
                   |> list.reverse()
  
    }
            
