---
source: compiler-core/src/language_server/tests/inline_var_action.rs
expression: "\nimport test_mod\n\nfn main() {\n  let u = 1 + 2\n  let y = u\n  let z = y + 4\n}\n        "
---

import test_mod

fn main() {
  let u = 1 + 2
  
  let z = u + 4
}
        
