---
source: compiler-core/src/language_server/tests/inline_var_action.rs
expression: "\nimport test_mod\n\nfn main() {\n  let y = #(1, 2, 3)\n  let z = #(y, #(3, 4, 5))\n}\n        "
---

import test_mod

fn main() {
  
  let z = #(#(1, 2, 3), #(3, 4, 5))
}
        
