---
source: compiler-core/src/language_server/tests/inline_var_action.rs
expression: "\nimport test_mod\n\nfn main() {\n  {\n    let x = [1, 2, 3]\n    test_mod.reverse(x)\n  }\n}\n    "
---

import test_mod

fn main() {
  {
    
    test_mod.reverse([1, 2, 3])
  }
}
    
