---
source: compiler-core/src/language_server/tests/inline_var_action.rs
expression: "\nimport test_mod\n\nfn main() {\n  let q = test_mod.reverse([1, 2, 3])\n  let z = test_mod.reverse(q)\n}\n    "
---

import test_mod

fn main() {
  
  let z = test_mod.reverse(test_mod.reverse([1, 2, 3]))
}
    
