---
source: compiler-core/src/language_server/tests/pipeline_action.rs
expression: "\nimport list\n\nfn main() {\n  let result = list.reverse(list.zip([1,2,3], [4,5,6]))\n}\n"
---

import list

fn main() {
  let result = [1, 2, 3] 
               |> list.zip([4, 5, 6])
               |> list.reverse()

}

