---
source: compiler-core/src/language_server/tests/pipeline_action.rs
expression: "\nimport list\n\npub fn main() {\n  list.reverse([1, 2, 3, 4, 5]\n               |> list.reverse())\n}\n"
---
No codeaction produced...
